
(:SIZE (80 80) 
 :TABLE (W GAME-WALL 
	 SPACE GAME-FLOOR 
	 P (PLAYER GAME-FLOOR)
	 b (bee pop-floor)
	 c (chototsu pop-floor)
	 r (red-bee pop-floor)
	 u upstairs
	 d downstairs))
w w w w w w w w w w w w w w w w w w w w w w w w w w w w w w w w w w w w w w w w w w w w w w w w w w w w w w w w w w w w w w w w w w w w w w w w w w w w w w w w 
w w w w w w w w w w w w w w w w w w w w w w w w w w w w w w w w w w w w w w w w w w w w w w w w w w w w w w w w w w w w w w w w w w w w w w w w w w w w w w w w 
w w w w w w w w w w w w w w w w w w w w w w w w w w w w w w w w w w w w w w w w w w w w w w w w w w w w w w w w w w w w w w w w w w w w w w w w w w w w w w w w 
w w w w w w w w w w w w w w w w w w w w w w w w w w w w w w w w w w w w w w w w w w w w w w w w w w w w w w w w w w w w w w w w w w w w w w w w w w w w w w w w 
w w w                                         w w w w w w w w w w w w w w w w w w w w w w w w w w w w w w w w w w w w w w w w w w w w w w w w w w w w w w w w w 
w w w                                         w w w w w w w w w w w w w w w w w w w w w w w w w w w w w w w w w w w w w w w w w w w w w w w w w w w w w w w w w 
w w w                                         w w w w w w w w w w w w w w w w w w w w w w                                                               w w w w 
w w w                                         w w w w w w w w w w w w w w w w w w w w w w                                                               w w w w 
w w w                                         w w w w w w w w w w w w w w w w w w w w w w                 r                         c                   w w w w 
w w w                                         w w w w w w w w w w w w w w w w w w w w w w                                                               w w w w 
w w w                                         w w w w w w w w w w w w w w w w w w w w w w                                                               w w w w 
w w w                                                                                                                                                   w w w w 
w w w                                                                                                                                                   w w w w 
w w w                                                                                                                                                   w w w w 
w w w         c                               c     w w w w w w w w w w w w w w w w w w w         c                                                     w w w w 
w w w                                               w w w w w w w w w w w w w w w w w w w                                                               w w w w 
w w w                                               w w w w w w w w w w w w w w w w                                                                     w w w w 
w w w                                               w w w w w w w w w w w w w w w w                                                               w w w w w w w 
w w w                                               w w w w w w w w w w w w w w w w                                                               w w w w w w w 
w w w                                               w w w w w w w w w w w w w w w w       w w w w w w w w w w w w w w w w w w w w w w w w w       w w w w w w w 
w w w                                               w w w w w w w w w w w w w w w w       w w w w w w w w w w w w w w w w w w w w w w w w w       w w w w w w w 
w w w                                               w w w w w w w w w w w w w w w w       w w w w w w w w w w w w w w w w w w w w w w w w w       w w w w w w w 
w w w                                         w w w w w w w w w w w w w w w w w w w       w w w w w w w w w w w w w w w w w w w w w w w w w       w w w w w w w 
w w w                   d                     w w w w w w w w w w w w w w w w w w w       w w w w w w w w w w w w w w w w w w w w w w w w w       w w w w w w w 
w w w                                         w w w w w w w w w w w w w w w w w w w       w w w w w w w w w w w w w w w w w w w w w w                         w 
w w w                                         w w w w w w w w w w w w w w w w w w w       w w w w w w w w w w w w w w w w w w w w w w                         w 
w w w                                         w w w w w w w w w w w w w w w w w w w       w w w w w w w w w w w w w w w w w w w w w w                         w 
w w w                                         w w w w w w w w w w w w w w w w w w w       w w w w w w w w w w w w w w w w w w w w w w     b                   w 
w w w                                               w w w w w w w w w w w w w w w w       w w w w w w w w w w w w w w w w w w w w w w                         w 
w w w                                               w w w w w w w w w w w w w w w                                                 w w                         w 
w w w                                                                                                                             w w                         w 
w w w               c                                           b     c                                                           w w                         w 
w w w                                                                                                                 w w w       w w                         w 
w w w                                         w w w w w w w w w w w w w w w w w w                                     w w w       w w                         w 
w w w                                         w w w w w w w w w w w w w w w w w w                     r               w w w       w w                         w 
w w w w w w w w w w w w w w w w w w w w w w w w w w w w w w w w w w w w w w w w w                                     w w w       w w                         w 
w w w w w w w w w w w w w w w w w w w w w w w w w w w w w w w w w w w w w w w w w                                     w w w       w w                         w 
w w w w w w w w w w w w w w w w w w w w w w w w w w w w w w w w w w w w w w w w w                                     w w w       w w                         w 
w w w w w w w w w w w w w w w w w w w w w w w w w w w w w w w w w w w w w w w w w                                     w w w       w w            b            w 
w w w w w w w w w w w w w w w w w w w w w w w w w w w w w w w w w w w w w w w w w                                     w w w                                   w 
w w w w w w w w w w w w w w w w w w w w w w w w w w w w w w w w w w w w w w w w w                                     w w w                                   w 
w w w w w w w w w w w w w w w w w w w w w w w w w w w w w w w w w w w w w w w w w                                     w w w                                   w 
w w w w w w w w w w w w w w w w w w w w w w w w w w w w w w w w w w w w w w w w w                                     w w w       w w                         w 
w w w w w w w w w w w w w w w w w w w w w w w w w w w w w w w w w w w w w w w w w                                     w w w       w w                         w 
w w w w w w w w w w w w w w w w w w w w w w w w w w w w w w w w w w w w w w w w w                                     w w w       w w                         w 
w w w w w w w w w w w w w w w w w w w w w w w w w w w w w w w w w w w w w w w w w     c                               w w w       w w w w       w w w w w w w w 
w w w w w w w w w w w w w w w w w w w w w w w w w w w w w w w w w w w w w w w w w                                     w w w       w w w w       w w w w w w w w 
w w w w w w w w w w w w w w w w w w w w w w w w w w w w w w w w w w w w w w w w w                                                 w w w w       w w w w w w w w 
w w w w w w w w w w w w w w w w w w w w w w w w w w w w w w w w w w w w w w w w w                                                 w w w w       w w w w w w w w 
w w w w w w w w w w w w w w w w w w w w w w w w w w w w w w w w w w w w w w w w w                                                 w w w w       w w w w w w w w 
w w w w w w w w w w w w w w w w w w w w w w w w w w w w w w w w w w w w w w w w w                                     w w w       w w w w                     w 
w w w w w w w w w w w w w w w w w w w w w w w w w w w w w w w w w w w w w w w w w                                     w w w       w w w w                     w 
w w w w w w w w w w w w w w w w w w w w w w w w w w w w w w w w w w w w w w w w w                     u p             w w w       w w w w                     w 
w w w w w w w w w w w w w w w w w w w w w w w w w w w w w w w w w w w w w w w w w                                     w w w       w w w w w w w w w w w       w 
w w w w w w w w w w w w w w w w w w w w w w w w w w w w w w w w w w w w w w w w w                                     w w w       w w w w w w w w w w w       w 
w w w w w w w w w w w w w w w w w w w w w w w w w w w w w w w w w w w w w w w w w                                     w w w       w w w w w w w w w w w       w 
w w w w w w w w w w w w w w w w w w w w w w w w w w w w w w w w w w w w w w w w w                                     w w w       w w w w w w w w w w w       w 
w w w w w w w w w w w w w w w w w w w w w w w w w w w w w w w w w w w w w w w w w                                     w w w                                   w 
w w w w w w w w w w w w w w w w w w w w w w w w w w w w w w w w w w w w w w w w w                                     w w w                                   w 
w w w w w w w w w w w w w w w w w w w w w w w w w w w w w w w w w w w w w w w w w                                     w w w                                   w 
w w w w w w w w w w w w w w w w w w w w w w w w w w w w w w w w w w w w w w w w w w w w w w w w w w w w w w w w w w w w w w                                   w 
w w w w w w w w w w w w w w w w w w w w w w w w w w w w w w w w w w w w w w w w w w w w w w w w w w w w w w w w w w w w w w                                   w 
w w w w w w w w w w w w w w w w w w w w w w w w w w w w w w w w w w w w w w w w w w w w w w w w w w w w w w w w w w w w w w                         b         w 
w w w w w w w w w w w w w w w w w w w w w w w w w w w w w w w w w w w w w w w w w w w w w w w w w w w w w w w w w w w w w w                                   w 
w w w w w w w w w w w w w w w w w w w w w w w w w w w w w w w w w w w w w w w w w w w w w w w w w w w w w w w w w w w w w w                                   w 
w w w w w w w w w w w w w w w w w w w w w w w w w w w w w w w w w w w w w w w w w w w w w w w w w w w w w w w w w w w w w w                                   w 
w w w w w w w w w w w w w w w w w w w w w w w w w w w w w w w w w w w w w w w w w w w w w w w w w w w w w w w w w w w w w w                                   w 
w w w w w w w w w w w w w w w w w w w w w w w w w w w w w w w w w w w w w w w w w w w w w w w w w w w w w w w w w w w w w w       b                           w 
w w w w w w w w w w w w w w w w w w w w w w w w w w w w w w w w w w w w w w w w w w w w w w w w w w w w w w w w w w w w w w                                   w 
w w w w w w w w w w w w w w w w w w w w w w w w w w w w w w w w w w w w w w w w w w w w w w w w w w w w w w w w w w w w w w                                   w 
w w w w w w w w w w w w w w w w w w w w w w w w w w w w w w w w w w w w w w w w w w w w w w w w w w w w w w w w w w w w w w w w w                             w 
w w w w w w w w w w w w w w w w w w w w w w w w w w w w w w w w w w w w w w w w w w w w w w w w w w w w w w w w w w w w w w w w w                             w 
w w w w w w w w w w w w w w w w w w w w w w w w w w w w w w w w w w w w w w w w w w w w w w w w w w w w w w w w w w w w w w w w w                             w 
w w w w w w w w w w w w w w w w w w w w w w w w w w w w w w w w w w w w w w w w w w w w w w w w w w w w w w w w w w w w w w w w w                             w 
w w w w w w w w w w w w w w w w w w w w w w w w w w w w w w w w w w w w w w w w w w w w w w w w w w w w w w w w w w w w w w w w w             r               w 
w w w w w w w w w w w w w w w w w w w w w w w w w w w w w w w w w w w w w w w w w w w w w w w w w w w w w w w w w w w w w w w w w                             w 
w w w w w w w w w w w w w w w w w w w w w w w w w w w w w w w w w w w w w w w w w w w w w w w w w w w w w w w w w w w w w w w w w                             w 
w w w w w w w w w w w w w w w w w w w w w w w w w w w w w w w w w w w w w w w w w w w w w w w w w w w w w w w w w w w w w w w w w w w w w w w w w w w w w w w w 
w w w w w w w w w w w w w w w w w w w w w w w w w w w w w w w w w w w w w w w w w w w w w w w w w w w w w w w w w w w w w w w w w w w w w w w w w w w w w w w w 
w w w w w w w w w w w w w w w w w w w w w w w w w w w w w w w w w w w w w w w w w w w w w w w w w w w w w w w w w w w w w w w w w w w w w w w w w w w w w w w w 
