(:size (30 30)
 :table (p (player game-floor)
	 w game-wall
	 space game-floor
	 a (test-enemy game-floor)
	 d downstairs
	 t (npc game-floor)))

w w w w w w w w w w w w w w w w w w w w w w w w w w w w w w
w   t                                                     w
w                                                         w
w                                                         w
w                                                         w
w                                                         w
w           w                                             w
w                                     a                   w
w                                                         w
w                                                         w
w                                                         w
w             d                                           w
w                                                         w
w                                                         w
w                                                         w
w                                                         w
w                                                         w
w                                                         w
w                                                         w
w                                                         w
w                                                         w
w                                                         w
w   p                                                     w
w                                                         w
w                                                         w
w                                                         w
w                                                         w
w                                                         w
w   t                                                     w
w w w w w w w w w w w w w w w w w w w w w w w w w w w w w w
